<html>
<body>
<pre>
<h1>µVision Build Log</h1>
<h2>Tool Versions:</h2>
IDE-Version: µVision V5.34.0.0
Copyright (C) 2021 ARM Ltd and ARM Germany GmbH. All rights reserved.
License Information: Mohamed Atef, Huawei Technologies LTD, LIC=----
 
Tool Versions:
Toolchain:       MDK-Lite  Version: 5.34.0.0
Toolchain Path:  C:\Keil_v5\ARM\ARMCC\Bin
C Compiler:      Armcc.exe V5.06 update 7 (build 960)
Assembler:       Armasm.exe V5.06 update 7 (build 960)
Linker/Locator:  ArmLink.exe V5.06 update 7 (build 960)
Library Manager: ArmAr.exe V5.06 update 7 (build 960)
Hex Converter:   FromElf.exe V5.06 update 7 (build 960)
CPU DLL:         SARMCM3.DLL V5.34.0.0
Dialog DLL:      DCM.DLL V1.17.3.0
Target DLL:      lmidk-agdi.dll V???
Dialog DLL:      TCM.DLL V1.48.0.0
 
<h2>Project:</h2>
C:\Users\engmo\Desktop\OSEK RTOS\OSEK-OS-Course-I-Repo\KeilUvision\OsekInto_TaskManagementProgrammingExercise\OsekInto_TaskManagementProgrammingExerciseStarter.uvprojx
Project File Date:  11/07/2021

<h2>Output:</h2>
*** Using Compiler 'V5.06 update 7 (build 960)', folder: 'C:\Keil_v5\ARM\ARMCC\Bin'
Build target 'Target 1'
assembling keilUvisoin_startup.s...
compiling OsCfg.c...
compiling hook.c...
..\..\OsekLib\hook.c(51): warning:  #1-D: last line of file ends without a newline
  	
..\..\OsekLib\hook.c: 1 warning, 0 errors
compiling SWTimer.c...
compiling OSCallbacks.c...
OSCallbacks.c(22): warning:  #1-D: last line of file ends without a newline
  }
OSCallbacks.c: 1 warning, 0 errors
compiling counter.c...
compiling OsekInto_TaskManagementProgrammingExerciseStarter.c...
OsekInto_TaskManagementProgrammingExerciseStarter.c(39): warning:  #111-D: statement is unreachable
    return 0;
OsekInto_TaskManagementProgrammingExerciseStarter.c(30): warning:  #550-D: variable "g_SimulatedLedSignal"  was set but never used
  static uint32_t g_SimulatedLedSignal = 0U; 
OsekInto_TaskManagementProgrammingExerciseStarter.c: 2 warnings, 0 errors
linking...
Program Size: Code=5968 RO-data=700 RW-data=248 ZI-data=1576  
".\build_files\OsekIntro_Example1.axf" - 0 Error(s), 4 Warning(s).

<h2>Software Packages used:</h2>

Package Vendor: ARM
                http://www.keil.com/pack/ARM.CMSIS.5.7.0.pack
                ARM.CMSIS.5.7.0
                CMSIS (Cortex Microcontroller Software Interface Standard)
   * Component: CORE Version: 5.4.0

Package Vendor: Keil
                http://www.keil.com/pack/Keil.TM4C_DFP.1.1.0.pack
                Keil.TM4C_DFP.1.1.0
                Texas Instruments Tiva C Series Device Support and Examples

<h2>Collection of Component include folders:</h2>
  .\RTE\_Target_1
  C:\Users\engmo\AppData\Local\Arm\Packs\ARM\CMSIS\5.7.0\CMSIS\Core\Include
  C:\Users\engmo\AppData\Local\Arm\Packs\Keil\TM4C_DFP\1.1.0\Device\Include\TM4C123

<h2>Collection of Component Files used:</h2>

   * Component: ARM::CMSIS:CORE:5.4.0
Build Time Elapsed:  00:00:01
</pre>
</body>
</html>
